V3 16
FL C:/SisDig/Cont_1Hz_ISE/timer1seg.vhd 2017/10/14.09:27:23 P.20131013
FL "C:/Users/Ing. Luis M. Huesca/Desktop/masters/SisDig/MotorPasos_pract2/motor.vhd" 2017/10/21.06:46:12 P.20131013
EN work/motor 1508990867 \
      FL "C:/Users/Ing. Luis M. Huesca/Desktop/masters/SisDig/MotorPasos_pract2/motor.vhd" \
      PB ieee/std_logic_1164 1381692176
AR work/motor/Behavioral 1508990868 \
      FL "C:/Users/Ing. Luis M. Huesca/Desktop/masters/SisDig/MotorPasos_pract2/motor.vhd" \
      EN work/motor 1508990867
FL "C:/Users/Ing. Luis M. Huesca/Desktop/masters/SisDig/MotorPasos_pract2/timer1seg.vhd" 2017/10/21.00:25:27 P.20131013
EN work/timer1seg 1508990863 \
      FL "C:/Users/Ing. Luis M. Huesca/Desktop/masters/SisDig/MotorPasos_pract2/timer1seg.vhd" \
      PB ieee/std_logic_1164 1381692176
AR work/timer1seg/Behavioral 1508990864 \
      FL "C:/Users/Ing. Luis M. Huesca/Desktop/masters/SisDig/MotorPasos_pract2/timer1seg.vhd" \
      EN work/timer1seg 1508990863
FL "C:/Users/Ing. Luis M. Huesca/Desktop/masters/SisDig/MotorPasos_pract2/timer_medio_seg .vhd" 2017/10/21.06:25:26 P.20131013
EN work/timer_medio_seg 1508990865 \
      FL "C:/Users/Ing. Luis M. Huesca/Desktop/masters/SisDig/MotorPasos_pract2/timer_medio_seg .vhd" \
      PB ieee/std_logic_1164 1381692176
AR work/timer_medio_seg/Behavioral 1508990866 \
      FL "C:/Users/Ing. Luis M. Huesca/Desktop/masters/SisDig/MotorPasos_pract2/timer_medio_seg .vhd" \
      EN work/timer_medio_seg 1508990865
FL "C:/Users/Ing. Luis M. Huesca/Desktop/masters/SisDig/MotorPasos_pract2/top_motor.vhd" 2017/10/21.06:43:15 P.20131013
EN work/top_motor 1508990869 \
      FL "C:/Users/Ing. Luis M. Huesca/Desktop/masters/SisDig/MotorPasos_pract2/top_motor.vhd" \
      PB ieee/std_logic_1164 1381692176
AR work/top_motor/Behavioral 1508990870 \
      FL "C:/Users/Ing. Luis M. Huesca/Desktop/masters/SisDig/MotorPasos_pract2/top_motor.vhd" \
      EN work/top_motor 1508990869 CP timer1seg CP timer_medio_seg CP motor
