V3 12
FL C:/SisDig/Cont_1Hz_ISE/timer1seg.vhd 2017/10/14.09:27:23 P.20131013
FL "C:/Users/Ing. Luis M. Huesca/Desktop/masters/SisDig/MotoraPaso_MEF_I/motor.vhd" 2017/10/14.12:01:22 P.20131013
EN work/motor 1508989848 \
      FL "C:/Users/Ing. Luis M. Huesca/Desktop/masters/SisDig/MotoraPaso_MEF_I/motor.vhd" \
      PB ieee/std_logic_1164 1381692176
AR work/motor/Behavioral 1508989849 \
      FL "C:/Users/Ing. Luis M. Huesca/Desktop/masters/SisDig/MotoraPaso_MEF_I/motor.vhd" \
      EN work/motor 1508989848
FL "C:/Users/Ing. Luis M. Huesca/Desktop/masters/SisDig/MotoraPaso_MEF_I/timer1seg.vhd" 2017/10/14.09:27:24 P.20131013
EN work/timer1seg 1508989846 \
      FL "C:/Users/Ing. Luis M. Huesca/Desktop/masters/SisDig/MotoraPaso_MEF_I/timer1seg.vhd" \
      PB ieee/std_logic_1164 1381692176
AR work/timer1seg/Behavioral 1508989847 \
      FL "C:/Users/Ing. Luis M. Huesca/Desktop/masters/SisDig/MotoraPaso_MEF_I/timer1seg.vhd" \
      EN work/timer1seg 1508989846
FL "C:/Users/Ing. Luis M. Huesca/Desktop/masters/SisDig/MotoraPaso_MEF_I/top_motor.vhd" 2017/10/25.16:36:39 P.20131013
EN work/top_motor 1508989850 \
      FL "C:/Users/Ing. Luis M. Huesca/Desktop/masters/SisDig/MotoraPaso_MEF_I/top_motor.vhd" \
      PB ieee/std_logic_1164 1381692176
AR work/top_motor/Behavioral 1508989851 \
      FL "C:/Users/Ing. Luis M. Huesca/Desktop/masters/SisDig/MotoraPaso_MEF_I/top_motor.vhd" \
      EN work/top_motor 1508989850 CP timer1seg CP motor
